<?xml version="1.0" encoding="UTF-8"?>
<TestRun id="5e935859-2523-44a2-9d5d-64cf1a9269a4" name="Cadla@CADLA-PC 2011-09-01 22:29:38" runUser="Cadla-PC\Cadla" xmlns="http://microsoft.com/schemas/VisualStudio/TeamTest/2010">
  <TestSettings name="Default Test Settings" id="2e1fbe4f-e22f-411d-b19b-834c48ca3350">
    <Deployment runDeploymentRoot="Cadla_CADLA-PC 2011-09-01 22_29_38">
      <DeploymentItem filename="D:\Magisterka-nowy\Obfuscator\Obfuscator.Renaming\bin\Debug\Obfuscator.Renaming.exe" />
      <DeploymentItem filename="D:\Magisterka-nowy\Obfuscator\TestLibraries\Obfuscator.Test.Inheritance\bin\Debug\Obfuscator.Test.SingleClassInheritance.dll" />
      <DeploymentItem filename="D:\Magisterka-nowy\Obfuscator\TestLibraries\Obfuscator.Test.MultipleInterfacesInheritance\bin\Debug\Obfuscator.Test.MultipleInterfacesInheritance.dll" />
      <DeploymentItem filename="D:\Magisterka-nowy\Obfuscator\ThirdParty\Cecil 1\bin\winphone_Release\Mono.Cecil.dll" />
      <DeploymentItem filename="D:\Magisterka-nowy\Obfuscator\TestLibraries\Obfuscator.Test.MultiLevelClassInheritance\bin\Debug\Obfuscator.Test.MultiLevelClassInheritance.dll" />
      <DeploymentItem filename="D:\Magisterka-nowy\Obfuscator\Obfuscator.Utils\bin\Debug\Obfuscator.Utils.dll" />
    </Deployment>
    <Execution>
      <TestTypeSpecific />
      <AgentRule name="Execution Agents">
      </AgentRule>
    </Execution>
  </TestSettings>
  <Times creation="2011-09-01T22:29:38.4291060+02:00" queuing="2011-09-01T22:29:38.9439069+02:00" start="2011-09-01T22:29:38.9595069+02:00" finish="2011-09-01T22:29:39.7395083+02:00" />
  <ResultSummary outcome="Completed">
    <Counters total="2" executed="2" passed="2" error="0" failed="0" timeout="0" aborted="0" inconclusive="0" passedButRunAborted="0" notRunnable="0" notExecuted="0" disconnected="0" warning="0" completed="0" inProgress="0" pending="0" />
  </ResultSummary>
  <TestDefinitions>
    <UnitTest name="TestWholeAlphabet" storage="d:\magisterka-nowy\obfuscator\obfuscator.renaming.test\bin\debug\obfuscator.renaming.test.dll" id="7ba2fb4c-9417-0f4c-e9db-b1b64b6f66be">
      <Execution id="17105f83-b477-4ea3-bff1-229a67ae732e" />
      <TestMethod codeBase="D:/Magisterka-nowy/Obfuscator/Obfuscator.Renaming.Test/bin/Debug/Obfuscator.Renaming.Test.DLL" adapterTypeName="Microsoft.VisualStudio.TestTools.TestTypes.Unit.UnitTestAdapter, Microsoft.VisualStudio.QualityTools.Tips.UnitTest.Adapter, Version=10.0.0.0, Culture=neutral, PublicKeyToken=b03f5f7f11d50a3a" className="Obfuscator.Renaming.Test.NameGeneratorTest, Obfuscator.Renaming.Test, Version=1.0.0.0, Culture=neutral, PublicKeyToken=null" name="TestWholeAlphabet" />
    </UnitTest>
    <UnitTest name="TestNewGenerator" storage="d:\magisterka-nowy\obfuscator\obfuscator.renaming.test\bin\debug\obfuscator.renaming.test.dll" id="4f3b2b57-cc8c-8214-348b-8d0e9e3ea6a6">
      <Execution id="d75fa415-74e5-4e54-8f39-61d1c0854f6f" />
      <TestMethod codeBase="D:/Magisterka-nowy/Obfuscator/Obfuscator.Renaming.Test/bin/Debug/Obfuscator.Renaming.Test.DLL" adapterTypeName="Microsoft.VisualStudio.TestTools.TestTypes.Unit.UnitTestAdapter, Microsoft.VisualStudio.QualityTools.Tips.UnitTest.Adapter, Version=10.0.0.0, Culture=neutral, PublicKeyToken=b03f5f7f11d50a3a" className="Obfuscator.Renaming.Test.NameGeneratorTest, Obfuscator.Renaming.Test, Version=1.0.0.0, Culture=neutral, PublicKeyToken=null" name="TestNewGenerator" />
    </UnitTest>
  </TestDefinitions>
  <TestLists>
    <TestList name="Results Not in a List" id="8c84fa94-04c1-424b-9868-57a2d4851a1d" />
    <TestList name="All Loaded Results" id="19431567-8539-422a-85d7-44ee4e166bda" />
  </TestLists>
  <TestEntries>
    <TestEntry testId="4f3b2b57-cc8c-8214-348b-8d0e9e3ea6a6" executionId="d75fa415-74e5-4e54-8f39-61d1c0854f6f" testListId="8c84fa94-04c1-424b-9868-57a2d4851a1d" />
    <TestEntry testId="7ba2fb4c-9417-0f4c-e9db-b1b64b6f66be" executionId="17105f83-b477-4ea3-bff1-229a67ae732e" testListId="8c84fa94-04c1-424b-9868-57a2d4851a1d" />
  </TestEntries>
  <Results>
    <UnitTestResult executionId="d75fa415-74e5-4e54-8f39-61d1c0854f6f" testId="4f3b2b57-cc8c-8214-348b-8d0e9e3ea6a6" testName="TestNewGenerator" computerName="CADLA-PC" duration="00:00:00.0780037" startTime="2011-09-01T22:29:38.9751070+02:00" endTime="2011-09-01T22:29:39.6771082+02:00" testType="13cdc9d9-ddb5-4fa4-a97d-d965ccfc6d4b" outcome="Passed" testListId="8c84fa94-04c1-424b-9868-57a2d4851a1d" relativeResultsDirectory="d75fa415-74e5-4e54-8f39-61d1c0854f6f">
    </UnitTestResult>
    <UnitTestResult executionId="17105f83-b477-4ea3-bff1-229a67ae732e" testId="7ba2fb4c-9417-0f4c-e9db-b1b64b6f66be" testName="TestWholeAlphabet" computerName="CADLA-PC" duration="00:00:00.0009828" startTime="2011-09-01T22:29:39.6927082+02:00" endTime="2011-09-01T22:29:39.6927082+02:00" testType="13cdc9d9-ddb5-4fa4-a97d-d965ccfc6d4b" outcome="Passed" testListId="8c84fa94-04c1-424b-9868-57a2d4851a1d" relativeResultsDirectory="17105f83-b477-4ea3-bff1-229a67ae732e">
    </UnitTestResult>
  </Results>
</TestRun>