<?xml version="1.0" encoding="UTF-8"?>
<TestRun id="cb419395-7382-44af-9deb-cb4063a0f07f" name="Cadla@CADLA-PC 2011-09-01 22:34:58" runUser="Cadla-PC\Cadla" xmlns="http://microsoft.com/schemas/VisualStudio/TeamTest/2010">
  <TestSettings name="Default Test Settings" id="639d104f-6bcd-4e52-bd7d-2a4214132479">
    <Deployment runDeploymentRoot="Cadla_CADLA-PC 2011-09-01 22_34_58">
      <DeploymentItem filename="D:\Magisterka-nowy\Obfuscator\Obfuscator.Renaming\bin\Debug\Obfuscator.Renaming.exe" />
      <DeploymentItem filename="D:\Magisterka-nowy\Obfuscator\TestLibraries\Obfuscator.Test.Inheritance\bin\Debug\Obfuscator.Test.SingleClassInheritance.dll" />
      <DeploymentItem filename="D:\Magisterka-nowy\Obfuscator\TestLibraries\Obfuscator.Test.MultipleInterfacesInheritance\bin\Debug\Obfuscator.Test.MultipleInterfacesInheritance.dll" />
      <DeploymentItem filename="D:\Magisterka-nowy\Obfuscator\ThirdParty\Cecil 1\bin\winphone_Release\Mono.Cecil.dll" />
      <DeploymentItem filename="D:\Magisterka-nowy\Obfuscator\TestLibraries\Obfuscator.Test.MultiLevelClassInheritance\bin\Debug\Obfuscator.Test.MultiLevelClassInheritance.dll" />
      <DeploymentItem filename="D:\Magisterka-nowy\Obfuscator\Obfuscator.Utils\bin\Debug\Obfuscator.Utils.dll" />
    </Deployment>
    <Execution>
      <TestTypeSpecific />
      <AgentRule name="Execution Agents">
      </AgentRule>
    </Execution>
  </TestSettings>
  <Times creation="2011-09-01T22:34:58.4403500+02:00" queuing="2011-09-01T22:35:01.4823554+02:00" start="2011-09-01T22:35:01.9513563+02:00" finish="2011-09-01T22:36:01.1044062+02:00" />
  <ResultSummary outcome="Error">
    <Counters total="1" executed="1" error="0" failed="0" timeout="0" aborted="1" inconclusive="0" passedButRunAborted="0" notRunnable="0" notExecuted="0" disconnected="0" warning="0" passed="0" completed="0" inProgress="0" pending="0" />
    <RunInfos>
      <RunInfo computerName="CADLA-PC" outcome="Error" timestamp="2011-09-01T22:36:01.0994059+02:00">
        <Text>Test host process exited unexpectedly.</Text>
      </RunInfo>
    </RunInfos>
  </ResultSummary>
  <TestDefinitions>
    <UnitTest name="TestGeneratorFailure" storage="d:\magisterka-nowy\obfuscator\obfuscator.renaming.test\bin\debug\obfuscator.renaming.test.dll" id="d73fbcfc-2958-fef3-b6e0-b67d467fd759">
      <Execution id="9e292f27-c887-4914-ae43-6c1717066f71" />
      <TestMethod codeBase="D:/Magisterka-nowy/Obfuscator/Obfuscator.Renaming.Test/bin/Debug/Obfuscator.Renaming.Test.DLL" adapterTypeName="Microsoft.VisualStudio.TestTools.TestTypes.Unit.UnitTestAdapter, Microsoft.VisualStudio.QualityTools.Tips.UnitTest.Adapter, Version=10.0.0.0, Culture=neutral, PublicKeyToken=b03f5f7f11d50a3a" className="Obfuscator.Renaming.Test.NameGeneratorTest, Obfuscator.Renaming.Test, Version=1.0.0.0, Culture=neutral, PublicKeyToken=null" name="TestGeneratorFailure" />
    </UnitTest>
  </TestDefinitions>
  <TestLists>
    <TestList name="Results Not in a List" id="8c84fa94-04c1-424b-9868-57a2d4851a1d" />
    <TestList name="All Loaded Results" id="19431567-8539-422a-85d7-44ee4e166bda" />
  </TestLists>
  <TestEntries>
    <TestEntry testId="d73fbcfc-2958-fef3-b6e0-b67d467fd759" executionId="9e292f27-c887-4914-ae43-6c1717066f71" testListId="8c84fa94-04c1-424b-9868-57a2d4851a1d" />
  </TestEntries>
  <Results>
    <UnitTestResult executionId="9e292f27-c887-4914-ae43-6c1717066f71" testId="d73fbcfc-2958-fef3-b6e0-b67d467fd759" testName="TestGeneratorFailure" computerName="CADLA-PC" duration="00:00:58.7620492" startTime="2011-09-01T22:35:02.3413569+02:00" endTime="2011-09-01T22:36:01.1034061+02:00" testType="13cdc9d9-ddb5-4fa4-a97d-d965ccfc6d4b" outcome="Aborted" testListId="8c84fa94-04c1-424b-9868-57a2d4851a1d" relativeResultsDirectory="9e292f27-c887-4914-ae43-6c1717066f71">
    </UnitTestResult>
  </Results>
</TestRun>